ASxxxx Linker V03.00 + NoICE + sdld,  page 1.
Hexadecimal  [32-Bits]

Area                                    Addr        Size        Decimal Bytes (Attributes)
--------------------------------        ----        ----        ------- ----- ------------
CABS                                00000000    00000000 =           0. bytes (ABS,CON,CODE)

      Value  Global                              Global Defined In Module
      -----  --------------------------------   ------------------------
C:   00000000  l_BIT_BANK                      
C:   00000000  l_BSEG                          
C:   00000000  l_BSEG_BYTES                    
C:   00000000  l_CABS                          
C:   00000000  l_GSINIT                        
C:   00000000  l_GSINIT1                       
C:   00000000  l_GSINIT5                       
C:   00000000  l_IABS                          
C:   00000000  l_ISEG                          
C:   00000000  l_PSEG                          
C:   00000000  l_REG_BANK_1                    
C:   00000000  l_REG_BANK_2                    
C:   00000000  l_REG_BANK_3                    
C:   00000000  l_RSEG                          
C:   00000000  l_RSEG0                         
C:   00000000  l_RSEG1                         
C:   00000000  l_XABS                          
C:   00000000  l_XINIT                         
C:   00000000  l_XISEG                         
C:   00000000  l_XSEG                          
C:   00000000  l__CODE                         
C:   00000000  s_BSEG                          
C:   00000000  s_CABS                          
C:   00000000  s_DSEG                          
C:   00000000  s_HOME                          
C:   00000000  s_IABS                          
C:   00000000  s_ISEG                          
C:   00000000  s_REG_BANK_0                    
C:   00000000  s_RSEG                          
C:   00000000  s_RSEG0                         
C:   00000000  s_RSEG1                         
C:   00000000  s_XABS                          
C:   00000001  s_PSEG                          
C:   00000001  s_XISEG                         
C:   00000001  s_XSEG                          
C:   00000003  l_GSFINAL                       
C:   00000003  l_GSINIT0                       
C:   00000006  l_HOME                          
C:   00000006  s_GSINIT0                       
C:   00000008  l_REG_BANK_0                    
C:   00000008  s_REG_BANK_1                    
C:   00000009  s_GSINIT1                       
C:   00000009  s_GSINIT2                       
C:   0000000A  l_GSINIT2                       
C:   0000000B  l_OSEG                          
C:   00000010  s_REG_BANK_2                    
C:   00000013  s_GSINIT3                       
C:   00000018  s_BIT_BANK                      
C:   00000018  s_REG_BANK_3                    
C:   00000020  s_BSEG_BYTES                    
ASxxxx Linker V03.00 + NoICE + sdld,  page 2.
Hexadecimal  [32-Bits]

Area                                    Addr        Size        Decimal Bytes (Attributes)
--------------------------------        ----        ----        ------- ----- ------------
CABS                                00000000    00000000 =           0. bytes (ABS,CON,CODE)

      Value  Global                              Global Defined In Module
      -----  --------------------------------   ------------------------
C:   00000020  s__CODE                         
C:   00000022  l_GSINIT3                       
C:   00000027  l_CONST                         
C:   0000002A  l_GSINIT4                       
C:   00000035  s_GSINIT4                       
C:   0000004D  s_OSEG                          
C:   00000058  s_SSEG                          
C:   0000005F  s_GSFINAL                       
C:   0000005F  s_GSINIT                        
C:   0000005F  s_GSINIT5                       
C:   00000062  s_CSEG                          
C:   00000080  l_DSEG                          
C:   000000A8  l_SSEG                          
C:   00000100  l_IRAM                          
C:   00000BF5  l_CSEG                          
C:   00000C57  s_CONST                         
C:   00000C7E  s_XINIT                         

ASxxxx Linker V03.00 + NoICE + sdld,  page 3.
Hexadecimal  [32-Bits]

Area                                    Addr        Size        Decimal Bytes (Attributes)
--------------------------------        ----        ----        ------- ----- ------------
.  .ABS.                            00000000    00000000 =           0. bytes (ABS,CON)

      Value  Global                              Global Defined In Module
      -----  --------------------------------   ------------------------
     00000000  .__.ABS.                           _fsreturnval
     00000080  _P0                                stdutils
     00000080  _P0_0                              stdutils
     00000081  _P0_1                              stdutils
     00000081  _SP                                stdutils
     00000082  _DPL                               stdutils
     00000082  _P0_2                              stdutils
     00000083  _DPH                               stdutils
     00000083  _P0_3                              stdutils
     00000084  _P0_4                              stdutils
     00000085  _P0_5                              stdutils
     00000086  _P0_6                              stdutils
     00000087  _P0_7                              stdutils
     00000087  _PCON                              stdutils
     00000088  _IT0                               stdutils
     00000088  _TCON                              stdutils
     00000089  _IE0                               stdutils
     00000089  _TMOD                              stdutils
     0000008A  _IT1                               stdutils
     0000008A  _TL0                               stdutils
     0000008B  _IE1                               stdutils
     0000008B  _TL1                               stdutils
     0000008C  _TH0                               stdutils
     0000008C  _TR0                               stdutils
     0000008D  _TF0                               stdutils
     0000008D  _TH1                               stdutils
     0000008E  _TR1                               stdutils
     0000008F  _TF1                               stdutils
     00000090  _P1                                stdutils
     00000090  _P1_0                              stdutils
     00000090  _T2                                stdutils
     00000091  _P1_1                              stdutils
     00000091  _T2EX                              stdutils
     00000092  _P1_2                              stdutils
     00000093  _P1_3                              stdutils
     00000094  _P1_4                              stdutils
     00000095  _P1_5                              stdutils
     00000096  _P1_6                              stdutils
     00000097  _P1_7                              stdutils
     00000098  _RI                                stdutils
     00000098  _SCON                              stdutils
     00000099  _SBUF                              stdutils
     00000099  _TI                                stdutils
     0000009A  _RB8                               stdutils
     0000009B  _TB8                               stdutils
     0000009C  _REN                               stdutils
     0000009D  _SM2                               stdutils
     0000009E  _SM1                               stdutils
     0000009F  _SM0                               stdutils
     000000A0  _P2                                stdutils
ASxxxx Linker V03.00 + NoICE + sdld,  page 4.
Hexadecimal  [32-Bits]

Area                                    Addr        Size        Decimal Bytes (Attributes)
--------------------------------        ----        ----        ------- ----- ------------
.  .ABS.                            00000000    00000000 =           0. bytes (ABS,CON)

      Value  Global                              Global Defined In Module
      -----  --------------------------------   ------------------------
     000000A0  _P2_0                              stdutils
     000000A0  _RS                                lcd
     000000A0  __XPAGE                            
     000000A1  _P2_1                              stdutils
     000000A1  _RW                                lcd
     000000A2  _EN                                lcd
     000000A2  _P2_2                              stdutils
     000000A3  _P2_3                              stdutils
     000000A4  _P2_4                              stdutils
     000000A5  _P2_5                              stdutils
     000000A6  _P2_6                              stdutils
     000000A7  _P2_7                              stdutils
     000000A8  _EX0                               stdutils
     000000A8  _IE                                stdutils
     000000A9  _ET0                               stdutils
     000000AA  _EX1                               stdutils
     000000AB  _ET1                               stdutils
     000000AC  _ES                                stdutils
     000000AD  _ET2                               stdutils
     000000AF  _EA                                stdutils
     000000B0  _P3                                stdutils
     000000B0  _P3_0                              stdutils
     000000B0  _RXD                               stdutils
     000000B1  _P3_1                              stdutils
     000000B1  _TXD                               stdutils
     000000B2  _INT0                              stdutils
     000000B2  _P3_2                              stdutils
     000000B2  _echoPin1                          hcsr04
     000000B3  _INT1                              stdutils
     000000B3  _P3_3                              stdutils
     000000B3  _echoPin2                          hcsr04
     000000B4  _P3_4                              stdutils
     000000B4  _T0                                stdutils
     000000B4  _echoPin3                          hcsr04
     000000B5  _P3_5                              stdutils
     000000B5  _T1                                stdutils
     000000B5  _echoPin4                          hcsr04
     000000B6  _P3_6                              stdutils
     000000B6  _WR                                stdutils
     000000B6  _triggerPin                        hcsr04
     000000B7  _P3_7                              stdutils
     000000B7  _RD                                stdutils
     000000B8  _IP                                stdutils
     000000B8  _PX0                               stdutils
     000000B9  _PT0                               stdutils
     000000BA  _PX1                               stdutils
     000000BB  _PT1                               stdutils
     000000BC  _PS                                stdutils
     000000BD  _PT2                               stdutils
     000000C8  _CP_RL2                            stdutils
     000000C8  _T2CON                             stdutils
ASxxxx Linker V03.00 + NoICE + sdld,  page 5.
Hexadecimal  [32-Bits]

Area                                    Addr        Size        Decimal Bytes (Attributes)
--------------------------------        ----        ----        ------- ----- ------------
.  .ABS.                            00000000    00000000 =           0. bytes (ABS,CON)

      Value  Global                              Global Defined In Module
      -----  --------------------------------   ------------------------
     000000C8  _T2CON_0                           stdutils
     000000C9  _C_T2                              stdutils
     000000C9  _T2CON_1                           stdutils
     000000C9  _T2MOD                             stdutils
     000000CA  _RCAP2L                            stdutils
     000000CA  _T2CON_2                           stdutils
     000000CA  _TR2                               stdutils
     000000CB  _EXEN2                             stdutils
     000000CB  _RCAP2H                            stdutils
     000000CB  _T2CON_3                           stdutils
     000000CC  _T2CON_4                           stdutils
     000000CC  _TCLK                              stdutils
     000000CC  _TL2                               stdutils
     000000CD  _RCLK                              stdutils
     000000CD  _T2CON_5                           stdutils
     000000CD  _TH2                               stdutils
     000000CE  _EXF2                              stdutils
     000000CE  _T2CON_6                           stdutils
     000000CF  _T2CON_7                           stdutils
     000000CF  _TF2                               stdutils
     000000D0  _P                                 stdutils
     000000D0  _PSW                               stdutils
     000000D1  _FL                                stdutils
     000000D2  _OV                                stdutils
     000000D3  _RS0                               stdutils
     000000D4  _RS1                               stdutils
     000000D5  _F0                                stdutils
     000000D6  _AC                                stdutils
     000000D7  _CY                                stdutils
     000000E0  _A                                 stdutils
     000000E0  _ACC                               stdutils
     000000F0  _B                                 stdutils
     000000F5  _B_5                               _gptrget
     000000F6  _B_6                               _gptrget
     000000F7  _B_7                               _gptrget
     000000FF  _P_NC                              uart

ASxxxx Linker V03.00 + NoICE + sdld,  page 6.
Hexadecimal  [32-Bits]

Area                                    Addr        Size        Decimal Bytes (Attributes)
--------------------------------        ----        ----        ------- ----- ------------
REG_BANK_0                          00000000    00000008 =           8. bytes (REL,OVR)

      Value  Global                              Global Defined In Module
      -----  --------------------------------   ------------------------
ASxxxx Linker V03.00 + NoICE + sdld,  page 7.
Hexadecimal  [32-Bits]

Area                                    Addr        Size        Decimal Bytes (Attributes)
--------------------------------        ----        ----        ------- ----- ------------
DSEG                                00000000    00000080 =         128. bytes (REL,CON)

      Value  Global                              Global Defined In Module
      -----  --------------------------------   ------------------------
     0000000A  _LCDPrintString_PARM_2             lcd
     0000000D  _LCDDisplayNumber_PARM_2           lcd
     0000000F  _LCDDisplayNumber_PARM_3           lcd
     00000031  _UART_TxNumber_PARM_2              uart
     00000035  _UART_TxNumber_PARM_3              uart
     00000043  _itoa_PARM_2                       stdutils
     00000046  _itoa_PARM_3                       stdutils
     0000004C  _bp                                _bp

ASxxxx Linker V03.00 + NoICE + sdld,  page 8.
Hexadecimal  [32-Bits]

Area                                    Addr        Size        Decimal Bytes (Attributes)
--------------------------------        ----        ----        ------- ----- ------------
OSEG                                0000004D    0000000B =          11. bytes (REL,OVR)

      Value  Global                              Global Defined In Module
      -----  --------------------------------   ------------------------
     0000004D  __divsint_PARM_2                   _divuint
     0000004D  __divslong_PARM_2                  _divulong
     0000004D  __divuint_PARM_2                   _divuint
     0000004D  __divulong_PARM_2                  _divulong
     0000004D  __gptrput_PARM_2                   _gptrput
     0000004D  __modsint_PARM_2                   _moduint
     0000004D  __moduint_PARM_2                   _moduint
     0000004D  __mullong_PARM_2                   _mullong
     0000004D  _reverse_PARM_2                    stdutils
     0000004F  _reverse_PARM_3                    stdutils

ASxxxx Linker V03.00 + NoICE + sdld,  page 9.
Hexadecimal  [32-Bits]

Area                                    Addr        Size        Decimal Bytes (Attributes)
--------------------------------        ----        ----        ------- ----- ------------
SSEG                                00000058    000000A8 =         168. bytes (REL,OVR)

      Value  Global                              Global Defined In Module
      -----  --------------------------------   ------------------------
     00000058  __start__stack                     main

ASxxxx Linker V03.00 + NoICE + sdld,  page 10.
Hexadecimal  [32-Bits]

Area                                    Addr        Size        Decimal Bytes (Attributes)
--------------------------------        ----        ----        ------- ----- ------------
HOME                                00000000    00000006 =           6. bytes (REL,CON,CODE)

      Value  Global                              Global Defined In Module
      -----  --------------------------------   ------------------------
C:   00000003  __sdcc_program_startup             main

ASxxxx Linker V03.00 + NoICE + sdld,  page 11.
Hexadecimal  [32-Bits]

Area                                    Addr        Size        Decimal Bytes (Attributes)
--------------------------------        ----        ----        ------- ----- ------------
GSINIT0                             00000006    00000003 =           3. bytes (REL,CON,CODE)

      Value  Global                              Global Defined In Module
      -----  --------------------------------   ------------------------
C:   00000006  __sdcc_gsinit_startup              

ASxxxx Linker V03.00 + NoICE + sdld,  page 12.
Hexadecimal  [32-Bits]

Area                                    Addr        Size        Decimal Bytes (Attributes)
--------------------------------        ----        ----        ------- ----- ------------
GSINIT2                             00000009    0000000A =          10. bytes (REL,CON,CODE)

      Value  Global                              Global Defined In Module
      -----  --------------------------------   ------------------------
ASxxxx Linker V03.00 + NoICE + sdld,  page 13.
Hexadecimal  [32-Bits]

Area                                    Addr        Size        Decimal Bytes (Attributes)
--------------------------------        ----        ----        ------- ----- ------------
GSINIT3                             00000013    00000022 =          34. bytes (REL,CON,CODE)

      Value  Global                              Global Defined In Module
      -----  --------------------------------   ------------------------
C:   00000013  __mcs51_genXINIT                   

ASxxxx Linker V03.00 + NoICE + sdld,  page 14.
Hexadecimal  [32-Bits]

Area                                    Addr        Size        Decimal Bytes (Attributes)
--------------------------------        ----        ----        ------- ----- ------------
GSINIT4                             00000035    0000002A =          42. bytes (REL,CON,CODE)

      Value  Global                              Global Defined In Module
      -----  --------------------------------   ------------------------
C:   00000035  __mcs51_genRAMCLEAR                
C:   0000003B  __mcs51_genXRAMCLEAR               

ASxxxx Linker V03.00 + NoICE + sdld,  page 15.
Hexadecimal  [32-Bits]

Area                                    Addr        Size        Decimal Bytes (Attributes)
--------------------------------        ----        ----        ------- ----- ------------
GSFINAL                             0000005F    00000003 =           3. bytes (REL,CON,CODE)

      Value  Global                              Global Defined In Module
      -----  --------------------------------   ------------------------
ASxxxx Linker V03.00 + NoICE + sdld,  page 16.
Hexadecimal  [32-Bits]

Area                                    Addr        Size        Decimal Bytes (Attributes)
--------------------------------        ----        ----        ------- ----- ------------
CSEG                                00000062    00000BF5 =        3061. bytes (REL,CON,CODE)

      Value  Global                              Global Defined In Module
      -----  --------------------------------   ------------------------
C:   00000062  _main                              main
C:   000000B2  _initPortPin                       main
C:   000000B8  _welcomeScreen                     main
C:   000000D6  _toggleLed                         main
C:   000000DF  _DELAY_us                          delay
C:   000000EF  _DELAY_ms                          delay
C:   0000010D  _LCDInit                           lcd
C:   00000125  _LCDCmdWrite                       lcd
C:   00000166  _LCDDataWrite                      lcd
C:   000001A7  _LCDPrintString                    lcd
C:   00000205  _LCDDisplayNumber                  lcd
C:   00000231  _UART_Init                         uart
C:   0000024A  _UART_SetBaudRate                  uart
C:   000002A3  _UART_RxChar                       uart
C:   000002AC  _UART_TxChar                       uart
C:   000002B5  _UART_TxString                     uart
C:   000002E0  _UART_RxString                     uart
C:   00000341  _UART_TxNumber                     uart
C:   00000473  _UART_Printf                       uart
C:   000007C9  _sendTriggerPulse                  hcsr04
C:   000007D4  _measureDistance                   hcsr04
C:   000007E6  _reverse                           stdutils
C:   0000085F  _itoa                              stdutils
C:   000009B7  __divulong                         _divulong
C:   00000A1C  __gptrput                          _gptrput
C:   00000A37  _abs                               abs
C:   00000A44  __moduint                          _moduint
C:   00000A91  __mullong                          _mullong
C:   00000A91  __mullong_dummy                    _mullong
C:   00000AFF  __divuint                          _divuint
C:   00000B28  ___uint2fs                         _uint2fs
C:   00000B34  __gptrget                          _gptrget
C:   00000B50  __modsint                          _modsint
C:   00000B86  ___ulong2fs                        _ulong2fs
C:   00000B8F  ulong2fs_doit                      _ulong2fs
C:   00000B99  __divsint                          _divsint
C:   00000BD1  fs_normalize_a                     _fsnormalize
C:   00000C04  __sdcc_external_startup            _startup
C:   00000C08  fs_round_and_return                _fsreturnval
C:   00000C20  fs_zerocheck_return                _fsreturnval
C:   00000C29  fs_return_zero                     _fsreturnval
C:   00000C31  fs_direct_return                   _fsreturnval
C:   00000C3F  fs_return_inf                      _fsreturnval
C:   00000C4C  fs_return_nan                      _fsreturnval

ASxxxx Linker V03.00 + NoICE + sdld,  page 17.
Hexadecimal  [32-Bits]

Area                                    Addr        Size        Decimal Bytes (Attributes)
--------------------------------        ----        ----        ------- ----- ------------
CONST                               00000C57    00000027 =          39. bytes (REL,CON,CODE)

      Value  Global                              Global Defined In Module
      -----  --------------------------------   ------------------------
ASxxxx Linker V03.00 + NoICE + sdld,  page 18.

Files Linked                              [ module(s) ]

bin/main.rel                              [  ]
bin/delay.rel                             [  ]
bin/lcd.rel                               [  ]
bin/uart.rel                              [  ]
bin/hcsr04.rel                            [  ]
bin/stdutils.rel                          [  ]


Libraries Linked                          [ object file ]

/usr/local/bin/../share/sdcc/lib/small/liblong.lib
                                          [ _divulong.rel ]
/usr/local/bin/../share/sdcc/lib/small/mcs51.lib
                                          [ crtclear.rel ]
/usr/local/bin/../share/sdcc/lib/small/mcs51.lib
                                          [ crtxinit.rel ]
/usr/local/bin/../share/sdcc/lib/small/libsdcc.lib
                                          [ _gptrput.rel ]
/usr/local/bin/../share/sdcc/lib/small/libsdcc.lib
                                          [ abs.rel ]
/usr/local/bin/../share/sdcc/lib/small/libint.lib
                                          [ _moduint.rel ]
/usr/local/bin/../share/sdcc/lib/small/liblong.lib
                                          [ _mullong.rel ]
/usr/local/bin/../share/sdcc/lib/small/libint.lib
                                          [ _divuint.rel ]
/usr/local/bin/../share/sdcc/lib/small/mcs51.lib
                                          [ crtxclear.rel ]
/usr/local/bin/../share/sdcc/lib/small/libfloat.lib
                                          [ _uint2fs.rel ]
/usr/local/bin/../share/sdcc/lib/small/libsdcc.lib
                                          [ _bp.rel ]
/usr/local/bin/../share/sdcc/lib/small/mcs51.lib
                                          [ crtpagesfr.rel ]
/usr/local/bin/../share/sdcc/lib/small/mcs51.lib
                                          [ crtstart.rel ]
/usr/local/bin/../share/sdcc/lib/small/libsdcc.lib
                                          [ _gptrget.rel ]
/usr/local/bin/../share/sdcc/lib/small/libint.lib
                                          [ _modsint.rel ]
/usr/local/bin/../share/sdcc/lib/small/libfloat.lib
                                          [ _ulong2fs.rel ]
/usr/local/bin/../share/sdcc/lib/small/libint.lib
                                          [ _divsint.rel ]
/usr/local/bin/../share/sdcc/lib/small/libfloat.lib
                                          [ _fsnormalize.rel ]
/usr/local/bin/../share/sdcc/lib/small/libsdcc.lib
                                          [ _startup.rel ]
/usr/local/bin/../share/sdcc/lib/small/libfloat.lib
                                          [ _fsreturnval.rel ]

ASxxxx Linker V03.00 + NoICE + sdld,  page 19.

User Base Address Definitions

HOME = 0x0000
XSEG = 0x0001
PSEG = 0x0001
ISEG = 0x0000
BSEG = 0x0000

